// Jest Snapshot v1, https://goo.gl/fbAQLP

exports[`Home renders home with multiple rails 1`] = `
<body>
  <div>
    <div
      class="banner"
    >
      <img
        alt=""
        data-nimg="future"
        decoding="async"
        height="768"
        loading="lazy"
        src="/_next/image?url=https%3A%2F%2Fimage.tmdb.org%2Ft%2Fp%2Foriginal%2Fzb6fM1CX41D9rF9hdgclu0peUmy.jpg&w=2048&q=75"
        srcset="/_next/image?url=https%3A%2F%2Fimage.tmdb.org%2Ft%2Fp%2Foriginal%2Fzb6fM1CX41D9rF9hdgclu0peUmy.jpg&w=1080&q=75 1x, /_next/image?url=https%3A%2F%2Fimage.tmdb.org%2Ft%2Fp%2Foriginal%2Fzb6fM1CX41D9rF9hdgclu0peUmy.jpg&w=2048&q=75 2x"
        style="color: transparent;"
        width="1024"
      />
    </div>
    <main
      class="main"
    >
      <div
        class="content"
      >
        <section
          class="rail"
        >
          <h1
            id="rail-heading-Trending"
          >
            Trending
          </h1>
          <ul
            aria-labelledby="rail-heading-Trending"
            class="railList"
          >
            <li
              class="railListItem"
            >
              <img
                alt="Schindler's List"
                data-nimg="future"
                decoding="async"
                height="280"
                loading="lazy"
                src="/_next/image?url=https%3A%2F%2Fimage.tmdb.org%2Ft%2Fp%2Foriginal%2FsF1U4EUQS8YHUYjNl3pMGNIQyr0.jpg&w=640&q=75"
                srcset="/_next/image?url=https%3A%2F%2Fimage.tmdb.org%2Ft%2Fp%2Foriginal%2FsF1U4EUQS8YHUYjNl3pMGNIQyr0.jpg&w=256&q=75 1x, /_next/image?url=https%3A%2F%2Fimage.tmdb.org%2Ft%2Fp%2Foriginal%2FsF1U4EUQS8YHUYjNl3pMGNIQyr0.jpg&w=640&q=75 2x"
                style="color: transparent;"
                width="200"
              />
            </li>
            <li
              class="railListItem"
            >
              <img
                alt="The Godfather"
                data-nimg="future"
                decoding="async"
                height="280"
                loading="lazy"
                src="/_next/image?url=https%3A%2F%2Fimage.tmdb.org%2Ft%2Fp%2Foriginal%2F3bhkrj58Vtu7enYsRolD1fZdja1.jpg&w=640&q=75"
                srcset="/_next/image?url=https%3A%2F%2Fimage.tmdb.org%2Ft%2Fp%2Foriginal%2F3bhkrj58Vtu7enYsRolD1fZdja1.jpg&w=256&q=75 1x, /_next/image?url=https%3A%2F%2Fimage.tmdb.org%2Ft%2Fp%2Foriginal%2F3bhkrj58Vtu7enYsRolD1fZdja1.jpg&w=640&q=75 2x"
                style="color: transparent;"
                width="200"
              />
            </li>
          </ul>
        </section>
        <section
          class="rail"
        >
          <h1
            id="rail-heading-TopRated"
          >
            Top Rated
          </h1>
          <ul
            aria-labelledby="rail-heading-TopRated"
            class="railList"
          >
            <li
              class="railListItem"
            >
              <img
                alt="Schindler's List"
                data-nimg="future"
                decoding="async"
                height="280"
                loading="lazy"
                src="/_next/image?url=https%3A%2F%2Fimage.tmdb.org%2Ft%2Fp%2Foriginal%2FsF1U4EUQS8YHUYjNl3pMGNIQyr0.jpg&w=640&q=75"
                srcset="/_next/image?url=https%3A%2F%2Fimage.tmdb.org%2Ft%2Fp%2Foriginal%2FsF1U4EUQS8YHUYjNl3pMGNIQyr0.jpg&w=256&q=75 1x, /_next/image?url=https%3A%2F%2Fimage.tmdb.org%2Ft%2Fp%2Foriginal%2FsF1U4EUQS8YHUYjNl3pMGNIQyr0.jpg&w=640&q=75 2x"
                style="color: transparent;"
                width="200"
              />
            </li>
            <li
              class="railListItem"
            >
              <img
                alt="The Godfather"
                data-nimg="future"
                decoding="async"
                height="280"
                loading="lazy"
                src="/_next/image?url=https%3A%2F%2Fimage.tmdb.org%2Ft%2Fp%2Foriginal%2F3bhkrj58Vtu7enYsRolD1fZdja1.jpg&w=640&q=75"
                srcset="/_next/image?url=https%3A%2F%2Fimage.tmdb.org%2Ft%2Fp%2Foriginal%2F3bhkrj58Vtu7enYsRolD1fZdja1.jpg&w=256&q=75 1x, /_next/image?url=https%3A%2F%2Fimage.tmdb.org%2Ft%2Fp%2Foriginal%2F3bhkrj58Vtu7enYsRolD1fZdja1.jpg&w=640&q=75 2x"
                style="color: transparent;"
                width="200"
              />
            </li>
            <li
              class="railListItem"
            >
              <img
                alt="Pulp Fiction"
                data-nimg="future"
                decoding="async"
                height="280"
                loading="lazy"
                src="/_next/image?url=https%3A%2F%2Fimage.tmdb.org%2Ft%2Fp%2Foriginal%2FfIE3lAGcZDV1G6XM5KmuWnNsPp1.jpg&w=640&q=75"
                srcset="/_next/image?url=https%3A%2F%2Fimage.tmdb.org%2Ft%2Fp%2Foriginal%2FfIE3lAGcZDV1G6XM5KmuWnNsPp1.jpg&w=256&q=75 1x, /_next/image?url=https%3A%2F%2Fimage.tmdb.org%2Ft%2Fp%2Foriginal%2FfIE3lAGcZDV1G6XM5KmuWnNsPp1.jpg&w=640&q=75 2x"
                style="color: transparent;"
                width="200"
              />
            </li>
          </ul>
        </section>
      </div>
    </main>
  </div>
</body>
`;
