// Jest Snapshot v1, https://goo.gl/fbAQLP

exports[`Header renders component 1`] = `
<body>
  <div>
    <header
      class="header"
    >
      <div
        class="leftContent"
      >
        <h1>
          The Catalog
        </h1>
        <nav>
          <ul>
            <li>
              <a
                href="/"
              >
                Home
              </a>
            </li>
          </ul>
        </nav>
      </div>
      <div>
        <a
          href="/login"
        >
          Login
        </a>
      </div>
    </header>
  </div>
</body>
`;
