// Jest Snapshot v1, https://goo.gl/fbAQLP

exports[`Movie renders movie details with all content 1`] = `
<body>
  <div>
    <div
      class="banner"
    >
      <img
        alt=""
        data-nimg="future"
        decoding="async"
        height="768"
        src="/_next/image?url=https%3A%2F%2Fimage.tmdb.org%2Ft%2Fp%2Foriginal%2FkXfqcdQKsToO0OUXHcrrNCHDBzO.jpg&w=2048&q=75"
        srcset="/_next/image?url=https%3A%2F%2Fimage.tmdb.org%2Ft%2Fp%2Foriginal%2FkXfqcdQKsToO0OUXHcrrNCHDBzO.jpg&w=1080&q=75 1x, /_next/image?url=https%3A%2F%2Fimage.tmdb.org%2Ft%2Fp%2Foriginal%2FkXfqcdQKsToO0OUXHcrrNCHDBzO.jpg&w=2048&q=75 2x"
        style="color: transparent;"
        width="1024"
      />
    </div>
    <main
      class="main"
    >
      <div
        class="content"
      >
        <div
          class="content"
        >
          <img
            alt=""
            data-nimg="future"
            decoding="async"
            height="380"
            loading="lazy"
            src="/_next/image?url=https%3A%2F%2Fimage.tmdb.org%2Ft%2Fp%2Foriginal%2Fq6y0Go1tsGEsmtFryDOJo3dEmqu.jpg&w=640&q=75"
            srcset="/_next/image?url=https%3A%2F%2Fimage.tmdb.org%2Ft%2Fp%2Foriginal%2Fq6y0Go1tsGEsmtFryDOJo3dEmqu.jpg&w=384&q=75 1x, /_next/image?url=https%3A%2F%2Fimage.tmdb.org%2Ft%2Fp%2Foriginal%2Fq6y0Go1tsGEsmtFryDOJo3dEmqu.jpg&w=640&q=75 2x"
            style="color: transparent;"
            width="300"
          />
          <section
            class="movieDetails"
          >
            <h1
              class="title"
            >
              The Shawshank Redemption
            </h1>
            <p>
              1994-09-23 • Drama, Crime • 142min
            </p>
            <p>
              Fear can hold you prisoner. Hope can set you free.
            </p>
            <h2>
              Overview
            </h2>
            <p>
              Framed in the 1940s for the double murder of his wife and her lover, upstanding banker Andy Dufresne begins a new life at the Shawshank prison, where he puts his accounting skills to work for an amoral warden. During his long stretch in prison, Dufresne comes to be admired by the other inmates -- including an older prisoner named Red -- for his integrity and unquenchable sense of hope.
            </p>
          </section>
        </div>
        <section
          class="rail"
        >
          <h1
            id="rail-heading-Recommendations"
          >
            Recommendations
          </h1>
          <ul
            aria-labelledby="rail-heading-Recommendations"
            class="railList"
          >
            <li
              class="railListItem"
            >
              <span
                class="railListItemTitle"
              >
                Schindler's List
              </span>
              <img
                alt="Schindler's List"
                data-nimg="future"
                decoding="async"
                height="300"
                loading="lazy"
                src="http://localhost/_next/image?url=https%3A%2F%2Fimage.tmdb.org%2Ft%2Fp%2Foriginal%2FsF1U4EUQS8YHUYjNl3pMGNIQyr0.jpg&w=640&q=75"
                srcset="/_next/image?url=https%3A%2F%2Fimage.tmdb.org%2Ft%2Fp%2Foriginal%2FsF1U4EUQS8YHUYjNl3pMGNIQyr0.jpg&w=256&q=75 1x, /_next/image?url=https%3A%2F%2Fimage.tmdb.org%2Ft%2Fp%2Foriginal%2FsF1U4EUQS8YHUYjNl3pMGNIQyr0.jpg&w=640&q=75 2x"
                style="color: transparent;"
                width="200"
              />
            </li>
            <li
              class="railListItem"
            >
              <span
                class="railListItemTitle"
              >
                The Godfather
              </span>
              <img
                alt="The Godfather"
                data-nimg="future"
                decoding="async"
                height="300"
                loading="lazy"
                src="http://localhost/_next/image?url=https%3A%2F%2Fimage.tmdb.org%2Ft%2Fp%2Foriginal%2F3bhkrj58Vtu7enYsRolD1fZdja1.jpg&w=640&q=75"
                srcset="/_next/image?url=https%3A%2F%2Fimage.tmdb.org%2Ft%2Fp%2Foriginal%2F3bhkrj58Vtu7enYsRolD1fZdja1.jpg&w=256&q=75 1x, /_next/image?url=https%3A%2F%2Fimage.tmdb.org%2Ft%2Fp%2Foriginal%2F3bhkrj58Vtu7enYsRolD1fZdja1.jpg&w=640&q=75 2x"
                style="color: transparent;"
                width="200"
              />
            </li>
            <li
              class="railListItem"
            >
              <span
                class="railListItemTitle"
              >
                Pulp Fiction
              </span>
              <img
                alt="Pulp Fiction"
                data-nimg="future"
                decoding="async"
                height="300"
                loading="lazy"
                src="http://localhost/_next/image?url=https%3A%2F%2Fimage.tmdb.org%2Ft%2Fp%2Foriginal%2FfIE3lAGcZDV1G6XM5KmuWnNsPp1.jpg&w=640&q=75"
                srcset="/_next/image?url=https%3A%2F%2Fimage.tmdb.org%2Ft%2Fp%2Foriginal%2FfIE3lAGcZDV1G6XM5KmuWnNsPp1.jpg&w=256&q=75 1x, /_next/image?url=https%3A%2F%2Fimage.tmdb.org%2Ft%2Fp%2Foriginal%2FfIE3lAGcZDV1G6XM5KmuWnNsPp1.jpg&w=640&q=75 2x"
                style="color: transparent;"
                width="200"
              />
            </li>
            <li
              class="railListItem"
            >
              <span
                class="railListItemTitle"
              >
                Forrest Gump
              </span>
              <img
                alt="Forrest Gump"
                data-nimg="future"
                decoding="async"
                height="300"
                loading="lazy"
                src="http://localhost/_next/image?url=https%3A%2F%2Fimage.tmdb.org%2Ft%2Fp%2Foriginal%2FsaHP97rTPS5eLmrLQEcANmKrsFl.jpg&w=640&q=75"
                srcset="/_next/image?url=https%3A%2F%2Fimage.tmdb.org%2Ft%2Fp%2Foriginal%2FsaHP97rTPS5eLmrLQEcANmKrsFl.jpg&w=256&q=75 1x, /_next/image?url=https%3A%2F%2Fimage.tmdb.org%2Ft%2Fp%2Foriginal%2FsaHP97rTPS5eLmrLQEcANmKrsFl.jpg&w=640&q=75 2x"
                style="color: transparent;"
                width="200"
              />
            </li>
            <li
              class="railListItem"
            >
              <span
                class="railListItemTitle"
              >
                Dilwale Dulhania Le Jayenge
              </span>
              <img
                alt="Dilwale Dulhania Le Jayenge"
                data-nimg="future"
                decoding="async"
                height="300"
                loading="lazy"
                src="http://localhost/_next/image?url=https%3A%2F%2Fimage.tmdb.org%2Ft%2Fp%2Foriginal%2F2CAL2433ZeIihfX1Hb2139CX0pW.jpg&w=640&q=75"
                srcset="/_next/image?url=https%3A%2F%2Fimage.tmdb.org%2Ft%2Fp%2Foriginal%2F2CAL2433ZeIihfX1Hb2139CX0pW.jpg&w=256&q=75 1x, /_next/image?url=https%3A%2F%2Fimage.tmdb.org%2Ft%2Fp%2Foriginal%2F2CAL2433ZeIihfX1Hb2139CX0pW.jpg&w=640&q=75 2x"
                style="color: transparent;"
                width="200"
              />
            </li>
          </ul>
        </section>
      </div>
    </main>
  </div>
</body>
`;
